// Jest Snapshot v1, https://goo.gl/fbAQLP

exports[`should render header correctly 1`] = `
<div
  className="error-message undefined"
>
  test-message
</div>
`;
